../Core/Src/main.c:106:6:LED_AllOff	8	static
../Core/Src/main.c:115:6:Engine_ON	8	static
../Core/Src/main.c:119:6:Engine_OFF	8	static
../Core/Src/main.c:126:10:Read_MQ3	16	static
../Core/Src/main.c:139:9:Is_Pressure_Active	8	static
../Core/Src/main.c:150:9:Measure_MQ3_With_Pressure	32	static
../Core/Src/main.c:194:6:Buzzer_Alert	16	static
../Core/Src/main.c:206:6:UART_Send	16	static
../Core/Src/main.c:219:6:Change_State	16	static
../Core/Src/main.c:231:5:main	56	static
../Core/Src/main.c:445:6:SystemClock_Config	88	static
../Core/Src/main.c:491:13:MX_NVIC_Init	8	static
../Core/Src/main.c:506:6:Error_Handler	4	static,ignoring_inline_asm
